[2026-04-21 00:20:00] [WARNING] CODER Agent 超时 (1800s)
[2026-04-21 00:20:00] [WARNING] 处理 Story 失败: US-011-user-experience
[2026-04-21 00:20:02] [INFO] 
--- 迭代 51/100 ---
[2026-04-21 00:20:02] [INFO] 处理 Story: US-011-user-experience, 当前阶段: coding
[2026-04-21 00:20:02] [INFO] 启动 CODER Agent - Story: US-011-user-experience
[2026-04-21 00:20:02] [INFO] 已更新 worker_state.json: story=US-011-user-experience, phase=coding, agent=coder
[2026-04-21 00:27:15] [INFO] CODER Agent 完成 - Story: US-011-user-experience
[2026-04-21 00:27:17] [INFO] 
--- 迭代 52/100 ---
[2026-04-21 00:27:17] [INFO] 处理 Story: US-011-user-experience, 当前阶段: coding_complete
[2026-04-21 00:27:17] [INFO] 启动 VALIDATOR Agent - Story: US-011-user-experience
[2026-04-21 00:27:17] [INFO] 已更新 worker_state.json: story=US-011-user-experience, phase=coding_complete, agent=validator
[2026-04-21 00:33:08] [INFO] VALIDATOR Agent 完成 - Story: US-011-user-experience
[2026-04-21 00:33:11] [INFO] 
--- 迭代 53/100 ---
[2026-04-21 00:33:11] [INFO] 没有可处理的 Story（可能都在等待依赖）
[2026-04-21 00:33:11] [INFO] 等待 5 秒后重试...
[2026-04-21 00:33:16] [INFO] 
--- 迭代 54/100 ---
[2026-04-21 00:33:16] [INFO] 没有可处理的 Story（可能都在等待依赖）
[2026-04-21 00:33:16] [INFO] 等待 5 秒后重试...
[2026-04-21 00:33:21] [INFO] 
--- 迭代 55/100 ---
[2026-04-21 00:33:21] [INFO] 没有可处理的 Story（可能都在等待依赖）
[2026-04-21 00:33:21] [INFO] 等待 5 秒后重试...
[2026-04-21 00:33:26] [INFO] 
--- 迭代 56/100 ---
[2026-04-21 00:33:26] [INFO] 没有可处理的 Story（可能都在等待依赖）
[2026-04-21 00:33:26] [INFO] 等待 5 秒后重试...
[2026-04-21 00:33:31] [INFO] 
--- 迭代 57/100 ---
[2026-04-21 00:33:31] [INFO] 没有可处理的 Story（可能都在等待依赖）
[2026-04-21 00:33:31] [INFO] 等待 5 秒后重试...
[2026-04-21 00:33:36] [INFO] 
--- 迭代 58/100 ---
[2026-04-21 00:33:36] [INFO] 没有可处理的 Story（可能都在等待依赖）
[2026-04-21 00:33:36] [INFO] 等待 5 秒后重试...
[2026-04-21 00:33:41] [INFO] 
--- 迭代 59/100 ---
[2026-04-21 00:33:41] [INFO] 没有可处理的 Story（可能都在等待依赖）
[2026-04-21 00:33:41] [INFO] 等待 5 秒后重试...
[2026-04-21 00:33:46] [INFO] 
--- 迭代 60/100 ---
[2026-04-21 00:33:46] [INFO] 没有可处理的 Story（可能都在等待依赖）
[2026-04-21 00:33:46] [INFO] 等待 5 秒后重试...
[2026-04-21 00:33:51] [INFO] 
--- 迭代 61/100 ---
[2026-04-21 00:33:51] [INFO] 没有可处理的 Story（可能都在等待依赖）
[2026-04-21 00:33:51] [INFO] 等待 5 秒后重试...
[2026-04-21 00:33:56] [INFO] 
--- 迭代 62/100 ---
[2026-04-21 00:33:56] [INFO] 没有可处理的 Story（可能都在等待依赖）
[2026-04-21 00:33:56] [INFO] 等待 5 秒后重试...
[2026-04-21 00:34:01] [INFO] 
--- 迭代 63/100 ---
[2026-04-21 00:34:01] [INFO] 没有可处理的 Story（可能都在等待依赖）
[2026-04-21 00:34:01] [INFO] 等待 5 秒后重试...
[2026-04-21 00:34:06] [INFO] 
--- 迭代 64/100 ---
[2026-04-21 00:34:06] [INFO] 没有可处理的 Story（可能都在等待依赖）
[2026-04-21 00:34:06] [INFO] 等待 5 秒后重试...
[2026-04-21 00:34:11] [INFO] 
--- 迭代 65/100 ---
[2026-04-21 00:34:11] [INFO] 没有可处理的 Story（可能都在等待依赖）
[2026-04-21 00:34:11] [INFO] 等待 5 秒后重试...
[2026-04-21 00:34:16] [INFO] 
--- 迭代 66/100 ---
[2026-04-21 00:34:16] [INFO] 没有可处理的 Story（可能都在等待依赖）
[2026-04-21 00:34:16] [INFO] 等待 5 秒后重试...
[2026-04-21 00:34:21] [INFO] 
--- 迭代 67/100 ---
[2026-04-21 00:34:21] [INFO] 没有可处理的 Story（可能都在等待依赖）
[2026-04-21 00:34:21] [INFO] 等待 5 秒后重试...
[2026-04-21 00:34:26] [INFO] 
--- 迭代 68/100 ---
[2026-04-21 00:34:26] [INFO] 没有可处理的 Story（可能都在等待依赖）
[2026-04-21 00:34:26] [INFO] 等待 5 秒后重试...
[2026-04-21 00:34:31] [INFO] 
--- 迭代 69/100 ---
[2026-04-21 00:34:31] [INFO] 没有可处理的 Story（可能都在等待依赖）
[2026-04-21 00:34:31] [INFO] 等待 5 秒后重试...
[2026-04-21 00:34:36] [INFO] 
--- 迭代 70/100 ---
[2026-04-21 00:34:36] [INFO] 没有可处理的 Story（可能都在等待依赖）
[2026-04-21 00:34:36] [INFO] 等待 5 秒后重试...
[2026-04-21 00:34:41] [INFO] 
--- 迭代 71/100 ---
[2026-04-21 00:34:41] [INFO] 没有可处理的 Story（可能都在等待依赖）
[2026-04-21 00:34:41] [INFO] 等待 5 秒后重试...
[2026-04-21 00:34:46] [INFO] 
--- 迭代 72/100 ---
[2026-04-21 00:34:46] [INFO] 没有可处理的 Story（可能都在等待依赖）
[2026-04-21 00:34:46] [INFO] 等待 5 秒后重试...
[2026-04-21 00:34:51] [INFO] 
--- 迭代 73/100 ---
[2026-04-21 00:34:51] [INFO] 没有可处理的 Story（可能都在等待依赖）
[2026-04-21 00:34:51] [INFO] 等待 5 秒后重试...
[2026-04-21 00:34:56] [INFO] 
--- 迭代 74/100 ---
[2026-04-21 00:34:56] [INFO] 没有可处理的 Story（可能都在等待依赖）
[2026-04-21 00:34:56] [INFO] 等待 5 秒后重试...
[2026-04-21 00:35:01] [INFO] 
--- 迭代 75/100 ---
[2026-04-21 00:35:01] [INFO] 没有可处理的 Story（可能都在等待依赖）
[2026-04-21 00:35:01] [INFO] 等待 5 秒后重试...
[2026-04-21 00:35:06] [INFO] 
--- 迭代 76/100 ---
[2026-04-21 00:35:06] [INFO] 没有可处理的 Story（可能都在等待依赖）
[2026-04-21 00:35:06] [INFO] 等待 5 秒后重试...
[2026-04-21 00:35:11] [INFO] 
--- 迭代 77/100 ---
[2026-04-21 00:35:11] [INFO] 没有可处理的 Story（可能都在等待依赖）
[2026-04-21 00:35:11] [INFO] 等待 5 秒后重试...
[2026-04-21 00:35:16] [INFO] 
--- 迭代 78/100 ---
[2026-04-21 00:35:16] [INFO] 没有可处理的 Story（可能都在等待依赖）
[2026-04-21 00:35:16] [INFO] 等待 5 秒后重试...
[2026-04-21 00:35:21] [INFO] 
--- 迭代 79/100 ---
[2026-04-21 00:35:21] [INFO] 没有可处理的 Story（可能都在等待依赖）
[2026-04-21 00:35:21] [INFO] 等待 5 秒后重试...
[2026-04-21 00:35:26] [INFO] 
--- 迭代 80/100 ---
[2026-04-21 00:35:26] [INFO] 没有可处理的 Story（可能都在等待依赖）
[2026-04-21 00:35:26] [INFO] 等待 5 秒后重试...
[2026-04-21 00:35:31] [INFO] 
--- 迭代 81/100 ---
[2026-04-21 00:35:31] [INFO] 没有可处理的 Story（可能都在等待依赖）
[2026-04-21 00:35:31] [INFO] 等待 5 秒后重试...
[2026-04-21 00:35:36] [INFO] 
--- 迭代 82/100 ---
[2026-04-21 00:35:36] [INFO] 没有可处理的 Story（可能都在等待依赖）
[2026-04-21 00:35:36] [INFO] 等待 5 秒后重试...
[2026-04-21 00:35:41] [INFO] 
--- 迭代 83/100 ---
[2026-04-21 00:35:41] [INFO] 没有可处理的 Story（可能都在等待依赖）
[2026-04-21 00:35:41] [INFO] 等待 5 秒后重试...
[2026-04-21 00:35:46] [INFO] 
--- 迭代 84/100 ---
[2026-04-21 00:35:46] [INFO] 没有可处理的 Story（可能都在等待依赖）
[2026-04-21 00:35:46] [INFO] 等待 5 秒后重试...
[2026-04-21 00:35:51] [INFO] 
--- 迭代 85/100 ---
[2026-04-21 00:35:51] [INFO] 没有可处理的 Story（可能都在等待依赖）
[2026-04-21 00:35:51] [INFO] 等待 5 秒后重试...
[2026-04-21 00:35:56] [INFO] 
--- 迭代 86/100 ---
[2026-04-21 00:35:56] [INFO] 没有可处理的 Story（可能都在等待依赖）
[2026-04-21 00:35:56] [INFO] 等待 5 秒后重试...
[2026-04-21 00:36:01] [INFO] 
--- 迭代 87/100 ---
[2026-04-21 00:36:01] [INFO] 没有可处理的 Story（可能都在等待依赖）
[2026-04-21 00:36:01] [INFO] 等待 5 秒后重试...
[2026-04-21 00:36:06] [INFO] 
--- 迭代 88/100 ---
[2026-04-21 00:36:06] [INFO] 没有可处理的 Story（可能都在等待依赖）
[2026-04-21 00:36:06] [INFO] 等待 5 秒后重试...
[2026-04-21 00:36:11] [INFO] 
--- 迭代 89/100 ---
[2026-04-21 00:36:11] [INFO] 没有可处理的 Story（可能都在等待依赖）
[2026-04-21 00:36:11] [INFO] 等待 5 秒后重试...
[2026-04-21 00:36:16] [INFO] 
--- 迭代 90/100 ---
[2026-04-21 00:36:16] [INFO] 没有可处理的 Story（可能都在等待依赖）
[2026-04-21 00:36:16] [INFO] 等待 5 秒后重试...
[2026-04-21 00:36:21] [INFO] 
--- 迭代 91/100 ---
[2026-04-21 00:36:21] [INFO] 没有可处理的 Story（可能都在等待依赖）
[2026-04-21 00:36:21] [INFO] 等待 5 秒后重试...
[2026-04-21 00:36:26] [INFO] 
--- 迭代 92/100 ---
[2026-04-21 00:36:26] [INFO] 没有可处理的 Story（可能都在等待依赖）
[2026-04-21 00:36:26] [INFO] 等待 5 秒后重试...
[2026-04-21 00:36:31] [INFO] 
--- 迭代 93/100 ---
[2026-04-21 00:36:31] [INFO] 没有可处理的 Story（可能都在等待依赖）
[2026-04-21 00:36:31] [INFO] 等待 5 秒后重试...
[2026-04-21 00:36:36] [INFO] 
--- 迭代 94/100 ---
[2026-04-21 00:36:36] [INFO] 没有可处理的 Story（可能都在等待依赖）
[2026-04-21 00:36:36] [INFO] 等待 5 秒后重试...
[2026-04-21 00:36:41] [INFO] 
--- 迭代 95/100 ---
[2026-04-21 00:36:41] [INFO] 没有可处理的 Story（可能都在等待依赖）
[2026-04-21 00:36:41] [INFO] 等待 5 秒后重试...
[2026-04-21 00:36:46] [INFO] 
--- 迭代 96/100 ---
[2026-04-21 00:36:46] [INFO] 没有可处理的 Story（可能都在等待依赖）
[2026-04-21 00:36:46] [INFO] 等待 5 秒后重试...
[2026-04-21 00:36:51] [INFO] 
--- 迭代 97/100 ---
[2026-04-21 00:36:51] [INFO] 没有可处理的 Story（可能都在等待依赖）
[2026-04-21 00:36:51] [INFO] 等待 5 秒后重试...
[2026-04-21 00:36:56] [INFO] 
--- 迭代 98/100 ---
[2026-04-21 00:36:56] [INFO] 没有可处理的 Story（可能都在等待依赖）
[2026-04-21 00:36:56] [INFO] 等待 5 秒后重试...
[2026-04-21 00:37:01] [INFO] 
--- 迭代 99/100 ---
[2026-04-21 00:37:01] [INFO] 没有可处理的 Story（可能都在等待依赖）
[2026-04-21 00:37:01] [INFO] 等待 5 秒后重试...
[2026-04-21 00:37:06] [INFO] 
--- 迭代 100/100 ---
[2026-04-21 00:37:06] [INFO] 没有可处理的 Story（可能都在等待依赖）
[2026-04-21 00:37:06] [INFO] 等待 5 秒后重试...
[2026-04-21 00:37:11] [WARNING] 
达到最大迭代次数 (100)，退出
