[2026-04-20 19:03:07] [INFO] ============================================================
[2026-04-20 19:03:07] [INFO] Worker 启动
[2026-04-20 19:03:07] [INFO] Stories 目录: /Users/wtsmac/AI/PI_Agent_Wiki_Mvp/worker/stories
[2026-04-20 19:03:07] [INFO] 最大迭代次数: 100
[2026-04-20 19:03:07] [INFO] Agent 超时: 1800s
[2026-04-20 19:03:07] [INFO] ============================================================
[2026-04-20 19:03:07] [INFO] UI 服务器启动: http://localhost:7332
[2026-04-20 19:03:07] [INFO] 
--- 迭代 1/100 ---
[2026-04-20 19:03:07] [INFO] 处理 Story: US-001-project-structure-and-schema, 当前阶段: pending
[2026-04-20 19:03:07] [INFO] 启动 DESIGNER Agent - Story: US-001-project-structure-and-schema
[2026-04-20 19:03:07] [INFO] 已更新 worker_state.json: story=US-001-project-structure-and-schema, phase=pending, agent=designer
[2026-04-20 19:06:05] [INFO] DESIGNER Agent 完成 - Story: US-001-project-structure-and-schema
[2026-04-20 19:06:07] [INFO] 
--- 迭代 2/100 ---
[2026-04-20 19:06:07] [INFO] 处理 Story: US-001-project-structure-and-schema, 当前阶段: designed
[2026-04-20 19:06:07] [INFO] 启动 REVIEWER Agent - Story: US-001-project-structure-and-schema
[2026-04-20 19:06:07] [INFO] 已更新 worker_state.json: story=US-001-project-structure-and-schema, phase=designed, agent=reviewer
[2026-04-20 19:09:31] [INFO] REVIEWER Agent 完成 - Story: US-001-project-structure-and-schema
[2026-04-20 19:09:33] [INFO] 
--- 迭代 3/100 ---
[2026-04-20 19:09:33] [INFO] 处理 Story: US-001-project-structure-and-schema, 当前阶段: design_reviewed
[2026-04-20 19:09:33] [INFO] 启动 CODER Agent - Story: US-001-project-structure-and-schema
[2026-04-20 19:09:33] [INFO] 已更新 worker_state.json: story=US-001-project-structure-and-schema, phase=design_reviewed, agent=coder
[2026-04-20 19:12:39] [INFO] CODER Agent 完成 - Story: US-001-project-structure-and-schema
[2026-04-20 19:12:41] [INFO] 
--- 迭代 4/100 ---
[2026-04-20 19:12:41] [INFO] 处理 Story: US-001-project-structure-and-schema, 当前阶段: coding_complete
[2026-04-20 19:12:41] [INFO] 启动 VALIDATOR Agent - Story: US-001-project-structure-and-schema
[2026-04-20 19:12:41] [INFO] 已更新 worker_state.json: story=US-001-project-structure-and-schema, phase=coding_complete, agent=validator
[2026-04-20 19:15:26] [INFO] VALIDATOR Agent 完成 - Story: US-001-project-structure-and-schema
[2026-04-20 19:15:28] [INFO] 
--- 迭代 5/100 ---
[2026-04-20 19:15:28] [INFO] 处理 Story: US-002-wiki-maintainer-skill, 当前阶段: pending
[2026-04-20 19:15:28] [INFO] 启动 DESIGNER Agent - Story: US-002-wiki-maintainer-skill
[2026-04-20 19:15:28] [INFO] 已更新 worker_state.json: story=US-002-wiki-maintainer-skill, phase=pending, agent=designer
[2026-04-20 19:17:33] [INFO] DESIGNER Agent 完成 - Story: US-002-wiki-maintainer-skill
[2026-04-20 19:17:35] [INFO] 
--- 迭代 6/100 ---
[2026-04-20 19:17:35] [INFO] 处理 Story: US-002-wiki-maintainer-skill, 当前阶段: designed
[2026-04-20 19:17:35] [INFO] 启动 REVIEWER Agent - Story: US-002-wiki-maintainer-skill
[2026-04-20 19:17:35] [INFO] 已更新 worker_state.json: story=US-002-wiki-maintainer-skill, phase=designed, agent=reviewer
[2026-04-20 19:21:19] [INFO] REVIEWER Agent 完成 - Story: US-002-wiki-maintainer-skill
[2026-04-20 19:21:21] [INFO] 
--- 迭代 7/100 ---
[2026-04-20 19:21:21] [INFO] 处理 Story: US-002-wiki-maintainer-skill, 当前阶段: design_reviewed
[2026-04-20 19:21:21] [INFO] 启动 CODER Agent - Story: US-002-wiki-maintainer-skill
[2026-04-20 19:21:21] [INFO] 已更新 worker_state.json: story=US-002-wiki-maintainer-skill, phase=design_reviewed, agent=coder
[2026-04-20 19:25:44] [INFO] CODER Agent 完成 - Story: US-002-wiki-maintainer-skill
[2026-04-20 19:25:46] [INFO] 
--- 迭代 8/100 ---
[2026-04-20 19:25:46] [INFO] 处理 Story: US-002-wiki-maintainer-skill, 当前阶段: coding_complete
[2026-04-20 19:25:46] [INFO] 启动 VALIDATOR Agent - Story: US-002-wiki-maintainer-skill
[2026-04-20 19:25:46] [INFO] 已更新 worker_state.json: story=US-002-wiki-maintainer-skill, phase=coding_complete, agent=validator
[2026-04-20 19:27:41] [INFO] VALIDATOR Agent 完成 - Story: US-002-wiki-maintainer-skill
[2026-04-20 19:27:43] [INFO] 
--- 迭代 9/100 ---
[2026-04-20 19:27:43] [INFO] 处理 Story: US-003-wiki-page-frontmatter, 当前阶段: pending
[2026-04-20 19:27:43] [INFO] 启动 DESIGNER Agent - Story: US-003-wiki-page-frontmatter
[2026-04-20 19:27:43] [INFO] 已更新 worker_state.json: story=US-003-wiki-page-frontmatter, phase=pending, agent=designer
[2026-04-20 19:31:33] [INFO] DESIGNER Agent 完成 - Story: US-003-wiki-page-frontmatter
[2026-04-20 19:31:35] [INFO] 
--- 迭代 10/100 ---
[2026-04-20 19:31:35] [INFO] 处理 Story: US-003-wiki-page-frontmatter, 当前阶段: designed
[2026-04-20 19:31:35] [INFO] 启动 REVIEWER Agent - Story: US-003-wiki-page-frontmatter
[2026-04-20 19:31:35] [INFO] 已更新 worker_state.json: story=US-003-wiki-page-frontmatter, phase=designed, agent=reviewer
[2026-04-20 19:38:34] [INFO] REVIEWER Agent 完成 - Story: US-003-wiki-page-frontmatter
[2026-04-20 19:38:36] [INFO] 
--- 迭代 11/100 ---
[2026-04-20 19:38:36] [INFO] 处理 Story: US-003-wiki-page-frontmatter, 当前阶段: design_reviewed
[2026-04-20 19:38:36] [INFO] 启动 CODER Agent - Story: US-003-wiki-page-frontmatter
[2026-04-20 19:38:36] [INFO] 已更新 worker_state.json: story=US-003-wiki-page-frontmatter, phase=design_reviewed, agent=coder
[2026-04-20 19:46:50] [INFO] CODER Agent 完成 - Story: US-003-wiki-page-frontmatter
[2026-04-20 19:46:52] [INFO] 
--- 迭代 12/100 ---
[2026-04-20 19:46:52] [INFO] 处理 Story: US-003-wiki-page-frontmatter, 当前阶段: coding_complete
[2026-04-20 19:46:52] [INFO] 启动 VALIDATOR Agent - Story: US-003-wiki-page-frontmatter
[2026-04-20 19:46:52] [INFO] 已更新 worker_state.json: story=US-003-wiki-page-frontmatter, phase=coding_complete, agent=validator
[2026-04-20 19:48:44] [INFO] VALIDATOR Agent 完成 - Story: US-003-wiki-page-frontmatter
[2026-04-20 19:48:46] [INFO] 
--- 迭代 13/100 ---
[2026-04-20 19:48:46] [INFO] 处理 Story: US-004-wiki-watch-ingest, 当前阶段: pending
[2026-04-20 19:48:46] [INFO] 启动 DESIGNER Agent - Story: US-004-wiki-watch-ingest
[2026-04-20 19:48:46] [INFO] 已更新 worker_state.json: story=US-004-wiki-watch-ingest, phase=pending, agent=designer
[2026-04-20 19:51:48] [INFO] DESIGNER Agent 完成 - Story: US-004-wiki-watch-ingest
[2026-04-20 19:51:50] [INFO] 
--- 迭代 14/100 ---
[2026-04-20 19:51:50] [INFO] 处理 Story: US-004-wiki-watch-ingest, 当前阶段: designed
[2026-04-20 19:51:50] [INFO] 启动 REVIEWER Agent - Story: US-004-wiki-watch-ingest
[2026-04-20 19:51:50] [INFO] 已更新 worker_state.json: story=US-004-wiki-watch-ingest, phase=designed, agent=reviewer
[2026-04-20 19:55:54] [INFO] REVIEWER Agent 完成 - Story: US-004-wiki-watch-ingest
[2026-04-20 19:55:56] [INFO] 
--- 迭代 15/100 ---
[2026-04-20 19:55:56] [INFO] 处理 Story: US-004-wiki-watch-ingest, 当前阶段: design_reviewed
[2026-04-20 19:55:56] [INFO] 启动 CODER Agent - Story: US-004-wiki-watch-ingest
[2026-04-20 19:55:56] [INFO] 已更新 worker_state.json: story=US-004-wiki-watch-ingest, phase=design_reviewed, agent=coder
[2026-04-20 20:06:46] [INFO] CODER Agent 完成 - Story: US-004-wiki-watch-ingest
[2026-04-20 20:06:48] [INFO] 
--- 迭代 16/100 ---
[2026-04-20 20:06:48] [INFO] 处理 Story: US-004-wiki-watch-ingest, 当前阶段: coding_complete
[2026-04-20 20:06:48] [INFO] 启动 VALIDATOR Agent - Story: US-004-wiki-watch-ingest
[2026-04-20 20:06:48] [INFO] 已更新 worker_state.json: story=US-004-wiki-watch-ingest, phase=coding_complete, agent=validator
[2026-04-20 20:12:54] [INFO] VALIDATOR Agent 完成 - Story: US-004-wiki-watch-ingest
[2026-04-20 20:12:56] [INFO] 
--- 迭代 17/100 ---
[2026-04-20 20:12:56] [INFO] 处理 Story: US-004-wiki-watch-ingest, 当前阶段: coding
[2026-04-20 20:12:56] [INFO] 启动 CODER Agent - Story: US-004-wiki-watch-ingest
[2026-04-20 20:12:56] [INFO] 已更新 worker_state.json: story=US-004-wiki-watch-ingest, phase=coding, agent=coder
[2026-04-20 20:16:33] [INFO] CODER Agent 完成 - Story: US-004-wiki-watch-ingest
[2026-04-20 20:16:35] [INFO] 
--- 迭代 18/100 ---
[2026-04-20 20:16:35] [INFO] 处理 Story: US-004-wiki-watch-ingest, 当前阶段: coding_complete
[2026-04-20 20:16:35] [INFO] 启动 VALIDATOR Agent - Story: US-004-wiki-watch-ingest
[2026-04-20 20:16:35] [INFO] 已更新 worker_state.json: story=US-004-wiki-watch-ingest, phase=coding_complete, agent=validator
[2026-04-20 20:20:47] [INFO] VALIDATOR Agent 完成 - Story: US-004-wiki-watch-ingest
[2026-04-20 20:20:49] [INFO] 
--- 迭代 19/100 ---
[2026-04-20 20:20:49] [INFO] 处理 Story: US-005-search-tools, 当前阶段: pending
[2026-04-20 20:20:49] [INFO] 启动 DESIGNER Agent - Story: US-005-search-tools
[2026-04-20 20:20:49] [INFO] 已更新 worker_state.json: story=US-005-search-tools, phase=pending, agent=designer
[2026-04-20 20:24:25] [INFO] DESIGNER Agent 完成 - Story: US-005-search-tools
[2026-04-20 20:24:27] [INFO] 
--- 迭代 20/100 ---
[2026-04-20 20:24:27] [INFO] 处理 Story: US-005-search-tools, 当前阶段: designed
[2026-04-20 20:24:27] [INFO] 启动 REVIEWER Agent - Story: US-005-search-tools
[2026-04-20 20:24:27] [INFO] 已更新 worker_state.json: story=US-005-search-tools, phase=designed, agent=reviewer
[2026-04-20 20:29:15] [INFO] REVIEWER Agent 完成 - Story: US-005-search-tools
[2026-04-20 20:29:17] [INFO] 
--- 迭代 21/100 ---
[2026-04-20 20:29:17] [INFO] 处理 Story: US-005-search-tools, 当前阶段: design_reviewed
[2026-04-20 20:29:17] [INFO] 启动 CODER Agent - Story: US-005-search-tools
[2026-04-20 20:29:17] [INFO] 已更新 worker_state.json: story=US-005-search-tools, phase=design_reviewed, agent=coder
[2026-04-20 20:36:46] [INFO] CODER Agent 完成 - Story: US-005-search-tools
[2026-04-20 20:36:48] [INFO] 
--- 迭代 22/100 ---
[2026-04-20 20:36:48] [INFO] 处理 Story: US-005-search-tools, 当前阶段: coding_complete
[2026-04-20 20:36:48] [INFO] 启动 VALIDATOR Agent - Story: US-005-search-tools
[2026-04-20 20:36:48] [INFO] 已更新 worker_state.json: story=US-005-search-tools, phase=coding_complete, agent=validator
[2026-04-20 20:39:31] [INFO] VALIDATOR Agent 完成 - Story: US-005-search-tools
[2026-04-20 20:39:33] [INFO] 
--- 迭代 23/100 ---
[2026-04-20 20:39:33] [INFO] 处理 Story: US-006-query-skill-workflow, 当前阶段: pending
[2026-04-20 20:39:33] [INFO] 启动 DESIGNER Agent - Story: US-006-query-skill-workflow
[2026-04-20 20:39:33] [INFO] 已更新 worker_state.json: story=US-006-query-skill-workflow, phase=pending, agent=designer
[2026-04-20 20:44:51] [INFO] DESIGNER Agent 完成 - Story: US-006-query-skill-workflow
[2026-04-20 20:44:53] [INFO] 
--- 迭代 24/100 ---
[2026-04-20 20:44:53] [INFO] 处理 Story: US-006-query-skill-workflow, 当前阶段: designed
[2026-04-20 20:44:53] [INFO] 启动 REVIEWER Agent - Story: US-006-query-skill-workflow
[2026-04-20 20:44:53] [INFO] 已更新 worker_state.json: story=US-006-query-skill-workflow, phase=designed, agent=reviewer
[2026-04-20 20:50:50] [INFO] REVIEWER Agent 完成 - Story: US-006-query-skill-workflow
[2026-04-20 20:50:52] [INFO] 
--- 迭代 25/100 ---
[2026-04-20 20:50:52] [INFO] 处理 Story: US-006-query-skill-workflow, 当前阶段: design_reviewed
[2026-04-20 20:50:52] [INFO] 启动 CODER Agent - Story: US-006-query-skill-workflow
[2026-04-20 20:50:52] [INFO] 已更新 worker_state.json: story=US-006-query-skill-workflow, phase=design_reviewed, agent=coder
[2026-04-20 20:54:46] [INFO] CODER Agent 完成 - Story: US-006-query-skill-workflow
[2026-04-20 20:54:48] [INFO] 
--- 迭代 26/100 ---
[2026-04-20 20:54:48] [INFO] 处理 Story: US-006-query-skill-workflow, 当前阶段: coding_complete
[2026-04-20 20:54:48] [INFO] 启动 VALIDATOR Agent - Story: US-006-query-skill-workflow
[2026-04-20 20:54:48] [INFO] 已更新 worker_state.json: story=US-006-query-skill-workflow, phase=coding_complete, agent=validator
[2026-04-20 20:56:22] [INFO] VALIDATOR Agent 完成 - Story: US-006-query-skill-workflow
[2026-04-20 20:56:24] [INFO] 
--- 迭代 27/100 ---
[2026-04-20 20:56:24] [INFO] 处理 Story: US-008-human-confirm, 当前阶段: pending
[2026-04-20 20:56:24] [INFO] 启动 DESIGNER Agent - Story: US-008-human-confirm
[2026-04-20 20:56:24] [INFO] 已更新 worker_state.json: story=US-008-human-confirm, phase=pending, agent=designer
[2026-04-20 20:59:22] [INFO] DESIGNER Agent 完成 - Story: US-008-human-confirm
[2026-04-20 20:59:24] [INFO] 
--- 迭代 28/100 ---
[2026-04-20 20:59:24] [INFO] 处理 Story: US-008-human-confirm, 当前阶段: designed
[2026-04-20 20:59:24] [INFO] 启动 REVIEWER Agent - Story: US-008-human-confirm
[2026-04-20 20:59:24] [INFO] 已更新 worker_state.json: story=US-008-human-confirm, phase=designed, agent=reviewer
[2026-04-20 21:02:50] [INFO] REVIEWER Agent 完成 - Story: US-008-human-confirm
[2026-04-20 21:02:52] [INFO] 
--- 迭代 29/100 ---
[2026-04-20 21:02:52] [INFO] 处理 Story: US-008-human-confirm, 当前阶段: design_reviewed
[2026-04-20 21:02:52] [INFO] 启动 CODER Agent - Story: US-008-human-confirm
[2026-04-20 21:02:52] [INFO] 已更新 worker_state.json: story=US-008-human-confirm, phase=design_reviewed, agent=coder
[2026-04-20 21:08:20] [INFO] CODER Agent 完成 - Story: US-008-human-confirm
[2026-04-20 21:08:22] [INFO] 
--- 迭代 30/100 ---
[2026-04-20 21:08:22] [INFO] 处理 Story: US-008-human-confirm, 当前阶段: coding_complete
[2026-04-20 21:08:22] [INFO] 启动 VALIDATOR Agent - Story: US-008-human-confirm
[2026-04-20 21:08:22] [INFO] 已更新 worker_state.json: story=US-008-human-confirm, phase=coding_complete, agent=validator
[2026-04-20 21:10:40] [INFO] VALIDATOR Agent 完成 - Story: US-008-human-confirm
[2026-04-20 21:10:42] [INFO] 
--- 迭代 31/100 ---
[2026-04-20 21:10:42] [INFO] 处理 Story: US-007-linter-skill-auto-lint, 当前阶段: pending
[2026-04-20 21:10:42] [INFO] 启动 DESIGNER Agent - Story: US-007-linter-skill-auto-lint
[2026-04-20 21:10:42] [INFO] 已更新 worker_state.json: story=US-007-linter-skill-auto-lint, phase=pending, agent=designer
[2026-04-20 21:13:24] [INFO] DESIGNER Agent 完成 - Story: US-007-linter-skill-auto-lint
[2026-04-20 21:13:26] [INFO] 
--- 迭代 32/100 ---
[2026-04-20 21:13:26] [INFO] 处理 Story: US-007-linter-skill-auto-lint, 当前阶段: designed
[2026-04-20 21:13:26] [INFO] 启动 REVIEWER Agent - Story: US-007-linter-skill-auto-lint
[2026-04-20 21:13:26] [INFO] 已更新 worker_state.json: story=US-007-linter-skill-auto-lint, phase=designed, agent=reviewer
[2026-04-20 21:19:00] [INFO] REVIEWER Agent 完成 - Story: US-007-linter-skill-auto-lint
[2026-04-20 21:19:02] [INFO] 
--- 迭代 33/100 ---
[2026-04-20 21:19:02] [INFO] 处理 Story: US-007-linter-skill-auto-lint, 当前阶段: design_reviewed
[2026-04-20 21:19:02] [INFO] 启动 CODER Agent - Story: US-007-linter-skill-auto-lint
[2026-04-20 21:19:02] [INFO] 已更新 worker_state.json: story=US-007-linter-skill-auto-lint, phase=design_reviewed, agent=coder
[2026-04-20 21:23:43] [INFO] CODER Agent 完成 - Story: US-007-linter-skill-auto-lint
[2026-04-20 21:23:45] [INFO] 
--- 迭代 34/100 ---
[2026-04-20 21:23:45] [INFO] 处理 Story: US-007-linter-skill-auto-lint, 当前阶段: coding_complete
[2026-04-20 21:23:45] [INFO] 启动 VALIDATOR Agent - Story: US-007-linter-skill-auto-lint
[2026-04-20 21:23:45] [INFO] 已更新 worker_state.json: story=US-007-linter-skill-auto-lint, phase=coding_complete, agent=validator
[2026-04-20 21:25:54] [INFO] VALIDATOR Agent 完成 - Story: US-007-linter-skill-auto-lint
[2026-04-20 21:25:56] [INFO] 
--- 迭代 35/100 ---
[2026-04-20 21:25:56] [INFO] 处理 Story: US-009-wiki-audit, 当前阶段: pending
[2026-04-20 21:25:56] [INFO] 启动 DESIGNER Agent - Story: US-009-wiki-audit
[2026-04-20 21:25:56] [INFO] 已更新 worker_state.json: story=US-009-wiki-audit, phase=pending, agent=designer
[2026-04-20 21:27:56] [INFO] DESIGNER Agent 完成 - Story: US-009-wiki-audit
[2026-04-20 21:27:58] [INFO] 
--- 迭代 36/100 ---
[2026-04-20 21:27:58] [INFO] 处理 Story: US-009-wiki-audit, 当前阶段: designed
[2026-04-20 21:27:58] [INFO] 启动 REVIEWER Agent - Story: US-009-wiki-audit
[2026-04-20 21:27:58] [INFO] 已更新 worker_state.json: story=US-009-wiki-audit, phase=designed, agent=reviewer
[2026-04-20 21:31:54] [INFO] REVIEWER Agent 完成 - Story: US-009-wiki-audit
[2026-04-20 21:31:56] [INFO] 
--- 迭代 37/100 ---
[2026-04-20 21:31:56] [INFO] 处理 Story: US-009-wiki-audit, 当前阶段: design_reviewed
[2026-04-20 21:31:56] [INFO] 启动 CODER Agent - Story: US-009-wiki-audit
[2026-04-20 21:31:56] [INFO] 已更新 worker_state.json: story=US-009-wiki-audit, phase=design_reviewed, agent=coder
[2026-04-20 21:39:06] [INFO] CODER Agent 完成 - Story: US-009-wiki-audit
[2026-04-20 21:39:08] [INFO] 
--- 迭代 38/100 ---
[2026-04-20 21:39:08] [INFO] 处理 Story: US-009-wiki-audit, 当前阶段: coding_complete
[2026-04-20 21:39:08] [INFO] 启动 VALIDATOR Agent - Story: US-009-wiki-audit
[2026-04-20 21:39:08] [INFO] 已更新 worker_state.json: story=US-009-wiki-audit, phase=coding_complete, agent=validator
[2026-04-20 21:40:40] [INFO] VALIDATOR Agent 完成 - Story: US-009-wiki-audit
[2026-04-20 21:40:42] [INFO] 
--- 迭代 39/100 ---
[2026-04-20 21:40:42] [INFO] 处理 Story: US-010-schema-migration, 当前阶段: pending
[2026-04-20 21:40:42] [INFO] 启动 DESIGNER Agent - Story: US-010-schema-migration
[2026-04-20 21:40:42] [INFO] 已更新 worker_state.json: story=US-010-schema-migration, phase=pending, agent=designer
[2026-04-20 21:44:08] [INFO] DESIGNER Agent 完成 - Story: US-010-schema-migration
[2026-04-20 21:44:10] [INFO] 
--- 迭代 40/100 ---
[2026-04-20 21:44:10] [INFO] 处理 Story: US-010-schema-migration, 当前阶段: designed
[2026-04-20 21:44:10] [INFO] 启动 REVIEWER Agent - Story: US-010-schema-migration
[2026-04-20 21:44:10] [INFO] 已更新 worker_state.json: story=US-010-schema-migration, phase=designed, agent=reviewer
[2026-04-20 21:48:57] [INFO] REVIEWER Agent 完成 - Story: US-010-schema-migration
[2026-04-20 21:48:59] [INFO] 
--- 迭代 41/100 ---
[2026-04-20 21:49:00] [INFO] 处理 Story: US-010-schema-migration, 当前阶段: design_reviewed
[2026-04-20 21:49:00] [INFO] 启动 CODER Agent - Story: US-010-schema-migration
[2026-04-20 21:49:00] [INFO] 已更新 worker_state.json: story=US-010-schema-migration, phase=design_reviewed, agent=coder
[2026-04-20 22:07:14] [INFO] CODER Agent 完成 - Story: US-010-schema-migration
[2026-04-20 22:07:16] [INFO] 
--- 迭代 42/100 ---
[2026-04-20 22:07:16] [INFO] 处理 Story: US-010-schema-migration, 当前阶段: coding_complete
[2026-04-20 22:07:16] [INFO] 启动 VALIDATOR Agent - Story: US-010-schema-migration
[2026-04-20 22:07:16] [INFO] 已更新 worker_state.json: story=US-010-schema-migration, phase=coding_complete, agent=validator
[2026-04-20 22:09:58] [INFO] VALIDATOR Agent 完成 - Story: US-010-schema-migration
[2026-04-20 22:10:00] [INFO] 
--- 迭代 43/100 ---
[2026-04-20 22:10:00] [INFO] 处理 Story: US-011-user-experience, 当前阶段: pending
[2026-04-20 22:10:00] [INFO] 启动 DESIGNER Agent - Story: US-011-user-experience
[2026-04-20 22:10:00] [INFO] 已更新 worker_state.json: story=US-011-user-experience, phase=pending, agent=designer
[2026-04-20 22:13:53] [INFO] DESIGNER Agent 完成 - Story: US-011-user-experience
[2026-04-20 22:13:55] [INFO] 
--- 迭代 44/100 ---
[2026-04-20 22:13:55] [INFO] 处理 Story: US-011-user-experience, 当前阶段: designed
[2026-04-20 22:13:55] [INFO] 启动 REVIEWER Agent - Story: US-011-user-experience
[2026-04-20 22:13:55] [INFO] 已更新 worker_state.json: story=US-011-user-experience, phase=designed, agent=reviewer
[2026-04-20 22:19:55] [INFO] REVIEWER Agent 完成 - Story: US-011-user-experience
[2026-04-20 22:19:57] [INFO] 
--- 迭代 45/100 ---
[2026-04-20 22:19:57] [INFO] 处理 Story: US-011-user-experience, 当前阶段: design_reviewed
[2026-04-20 22:19:57] [INFO] 启动 CODER Agent - Story: US-011-user-experience
[2026-04-20 22:19:57] [INFO] 已更新 worker_state.json: story=US-011-user-experience, phase=design_reviewed, agent=coder
[2026-04-20 22:40:39] [INFO] CODER Agent 完成 - Story: US-011-user-experience
[2026-04-20 22:40:42] [INFO] 
--- 迭代 46/100 ---
[2026-04-20 22:40:42] [INFO] 处理 Story: US-011-user-experience, 当前阶段: design_reviewed
[2026-04-20 22:40:42] [INFO] 启动 CODER Agent - Story: US-011-user-experience
[2026-04-20 22:40:42] [INFO] 已更新 worker_state.json: story=US-011-user-experience, phase=design_reviewed, agent=coder
[2026-04-20 22:46:37] [INFO] CODER Agent 完成 - Story: US-011-user-experience
[2026-04-20 22:46:39] [INFO] 
--- 迭代 47/100 ---
[2026-04-20 22:46:39] [INFO] 处理 Story: US-011-user-experience, 当前阶段: coding_complete
[2026-04-20 22:46:39] [INFO] 启动 VALIDATOR Agent - Story: US-011-user-experience
[2026-04-20 22:46:39] [INFO] 已更新 worker_state.json: story=US-011-user-experience, phase=coding_complete, agent=validator
[2026-04-20 22:50:22] [INFO] VALIDATOR Agent 完成 - Story: US-011-user-experience
[2026-04-20 22:50:24] [INFO] 
--- 迭代 48/100 ---
[2026-04-20 22:50:24] [INFO] 处理 Story: US-011-user-experience, 当前阶段: coding
[2026-04-20 22:50:24] [INFO] 启动 CODER Agent - Story: US-011-user-experience
[2026-04-20 22:50:24] [INFO] 已更新 worker_state.json: story=US-011-user-experience, phase=coding, agent=coder
[2026-04-20 23:20:24] [WARNING] CODER Agent 超时 (1800s)
[2026-04-20 23:20:24] [WARNING] 处理 Story 失败: US-011-user-experience
[2026-04-20 23:20:26] [INFO] 
--- 迭代 49/100 ---
[2026-04-20 23:20:26] [INFO] 处理 Story: US-011-user-experience, 当前阶段: coding
[2026-04-20 23:20:26] [INFO] 启动 CODER Agent - Story: US-011-user-experience
[2026-04-20 23:20:26] [INFO] 已更新 worker_state.json: story=US-011-user-experience, phase=coding, agent=coder
[2026-04-20 23:49:58] [INFO] CODER Agent 完成 - Story: US-011-user-experience
[2026-04-20 23:50:00] [INFO] 
--- 迭代 50/100 ---
[2026-04-20 23:50:00] [INFO] 处理 Story: US-011-user-experience, 当前阶段: coding
[2026-04-20 23:50:00] [INFO] 启动 CODER Agent - Story: US-011-user-experience
[2026-04-20 23:50:00] [INFO] 已更新 worker_state.json: story=US-011-user-experience, phase=coding, agent=coder
