[2026-06-01 15:00:23] [INFO] ============================================================
[2026-06-01 15:00:23] [INFO] Worker 启动
[2026-06-01 15:00:23] [INFO] Stories 目录: /Users/zhangyi/Desktop/AI Coding/worker/stories
[2026-06-01 15:00:23] [INFO] 最大迭代次数: 100
[2026-06-01 15:00:23] [INFO] Agent 超时: 1800s
[2026-06-01 15:00:23] [INFO] ============================================================
[2026-06-01 15:00:23] [INFO] UI 服务器启动: http://localhost:7332
[2026-06-01 15:00:23] [INFO] 
--- 迭代 1/100 ---
[2026-06-01 15:00:23] [INFO] 没有可处理的 Story（可能都在等待依赖）
[2026-06-01 15:00:23] [INFO] 等待 5 秒后重试...
[2026-06-01 15:00:28] [INFO] 
--- 迭代 2/100 ---
[2026-06-01 15:00:28] [INFO] 没有可处理的 Story（可能都在等待依赖）
[2026-06-01 15:00:28] [INFO] 等待 5 秒后重试...
[2026-06-01 15:00:33] [INFO] 
--- 迭代 3/100 ---
[2026-06-01 15:00:33] [INFO] 没有可处理的 Story（可能都在等待依赖）
[2026-06-01 15:00:33] [INFO] 等待 5 秒后重试...
[2026-06-01 15:00:38] [INFO] 
--- 迭代 4/100 ---
[2026-06-01 15:00:38] [INFO] 没有可处理的 Story（可能都在等待依赖）
[2026-06-01 15:00:38] [INFO] 等待 5 秒后重试...
[2026-06-01 15:00:43] [INFO] 
--- 迭代 5/100 ---
[2026-06-01 15:00:43] [INFO] 没有可处理的 Story（可能都在等待依赖）
[2026-06-01 15:00:43] [INFO] 等待 5 秒后重试...
[2026-06-01 15:00:48] [INFO] 
--- 迭代 6/100 ---
[2026-06-01 15:00:48] [INFO] 没有可处理的 Story（可能都在等待依赖）
[2026-06-01 15:00:48] [INFO] 等待 5 秒后重试...
[2026-06-01 15:00:53] [INFO] 
--- 迭代 7/100 ---
[2026-06-01 15:00:53] [INFO] 没有可处理的 Story（可能都在等待依赖）
[2026-06-01 15:00:53] [INFO] 等待 5 秒后重试...
[2026-06-01 15:00:58] [INFO] 
--- 迭代 8/100 ---
[2026-06-01 15:00:58] [INFO] 没有可处理的 Story（可能都在等待依赖）
[2026-06-01 15:00:58] [INFO] 等待 5 秒后重试...
[2026-06-01 15:01:03] [INFO] 
--- 迭代 9/100 ---
[2026-06-01 15:01:03] [INFO] 没有可处理的 Story（可能都在等待依赖）
[2026-06-01 15:01:03] [INFO] 等待 5 秒后重试...
[2026-06-01 15:01:08] [INFO] 
--- 迭代 10/100 ---
[2026-06-01 15:01:08] [INFO] 没有可处理的 Story（可能都在等待依赖）
[2026-06-01 15:01:08] [INFO] 等待 5 秒后重试...
[2026-06-01 15:01:13] [INFO] 
--- 迭代 11/100 ---
[2026-06-01 15:01:13] [INFO] 没有可处理的 Story（可能都在等待依赖）
[2026-06-01 15:01:13] [INFO] 等待 5 秒后重试...
[2026-06-01 15:01:18] [INFO] 
--- 迭代 12/100 ---
[2026-06-01 15:01:18] [INFO] 没有可处理的 Story（可能都在等待依赖）
[2026-06-01 15:01:18] [INFO] 等待 5 秒后重试...
[2026-06-01 15:01:23] [INFO] 
--- 迭代 13/100 ---
[2026-06-01 15:01:23] [INFO] 没有可处理的 Story（可能都在等待依赖）
[2026-06-01 15:01:23] [INFO] 等待 5 秒后重试...
[2026-06-01 15:01:28] [INFO] 
--- 迭代 14/100 ---
[2026-06-01 15:01:28] [INFO] 没有可处理的 Story（可能都在等待依赖）
[2026-06-01 15:01:28] [INFO] 等待 5 秒后重试...
[2026-06-01 15:01:33] [INFO] 
--- 迭代 15/100 ---
[2026-06-01 15:01:33] [INFO] 没有可处理的 Story（可能都在等待依赖）
[2026-06-01 15:01:33] [INFO] 等待 5 秒后重试...
[2026-06-01 15:01:38] [INFO] 
--- 迭代 16/100 ---
[2026-06-01 15:01:38] [INFO] 没有可处理的 Story（可能都在等待依赖）
[2026-06-01 15:01:38] [INFO] 等待 5 秒后重试...
[2026-06-01 15:01:43] [INFO] 
--- 迭代 17/100 ---
[2026-06-01 15:01:43] [INFO] 没有可处理的 Story（可能都在等待依赖）
[2026-06-01 15:01:43] [INFO] 等待 5 秒后重试...
[2026-06-01 15:01:48] [INFO] 
--- 迭代 18/100 ---
[2026-06-01 15:01:48] [INFO] 没有可处理的 Story（可能都在等待依赖）
[2026-06-01 15:01:48] [INFO] 等待 5 秒后重试...
[2026-06-01 15:01:53] [INFO] 
--- 迭代 19/100 ---
[2026-06-01 15:01:53] [INFO] 没有可处理的 Story（可能都在等待依赖）
[2026-06-01 15:01:53] [INFO] 等待 5 秒后重试...
[2026-06-01 15:01:58] [INFO] 
--- 迭代 20/100 ---
[2026-06-01 15:01:58] [INFO] 没有可处理的 Story（可能都在等待依赖）
[2026-06-01 15:01:58] [INFO] 等待 5 秒后重试...
[2026-06-01 15:02:03] [INFO] 
--- 迭代 21/100 ---
[2026-06-01 15:02:03] [INFO] 没有可处理的 Story（可能都在等待依赖）
[2026-06-01 15:02:03] [INFO] 等待 5 秒后重试...
[2026-06-01 15:02:08] [INFO] 
--- 迭代 22/100 ---
[2026-06-01 15:02:08] [INFO] 没有可处理的 Story（可能都在等待依赖）
[2026-06-01 15:02:08] [INFO] 等待 5 秒后重试...
[2026-06-01 15:02:13] [INFO] 
--- 迭代 23/100 ---
[2026-06-01 15:02:13] [INFO] 没有可处理的 Story（可能都在等待依赖）
[2026-06-01 15:02:13] [INFO] 等待 5 秒后重试...
[2026-06-01 15:02:18] [INFO] 
--- 迭代 24/100 ---
[2026-06-01 15:02:18] [INFO] 没有可处理的 Story（可能都在等待依赖）
[2026-06-01 15:02:18] [INFO] 等待 5 秒后重试...
[2026-06-01 15:02:23] [INFO] 
--- 迭代 25/100 ---
[2026-06-01 15:02:23] [INFO] 没有可处理的 Story（可能都在等待依赖）
[2026-06-01 15:02:23] [INFO] 等待 5 秒后重试...
[2026-06-01 15:02:28] [INFO] 
--- 迭代 26/100 ---
[2026-06-01 15:02:28] [INFO] 没有可处理的 Story（可能都在等待依赖）
[2026-06-01 15:02:28] [INFO] 等待 5 秒后重试...
[2026-06-01 15:02:33] [INFO] 
--- 迭代 27/100 ---
[2026-06-01 15:02:33] [INFO] 没有可处理的 Story（可能都在等待依赖）
[2026-06-01 15:02:33] [INFO] 等待 5 秒后重试...
[2026-06-01 15:02:38] [INFO] 
--- 迭代 28/100 ---
[2026-06-01 15:02:38] [INFO] 没有可处理的 Story（可能都在等待依赖）
[2026-06-01 15:02:38] [INFO] 等待 5 秒后重试...
[2026-06-01 15:02:43] [INFO] 
--- 迭代 29/100 ---
[2026-06-01 15:02:43] [INFO] 没有可处理的 Story（可能都在等待依赖）
[2026-06-01 15:02:43] [INFO] 等待 5 秒后重试...
[2026-06-01 15:02:48] [INFO] 
--- 迭代 30/100 ---
[2026-06-01 15:02:48] [INFO] 没有可处理的 Story（可能都在等待依赖）
[2026-06-01 15:02:48] [INFO] 等待 5 秒后重试...
[2026-06-01 15:02:53] [INFO] 
--- 迭代 31/100 ---
[2026-06-01 15:02:53] [INFO] 没有可处理的 Story（可能都在等待依赖）
[2026-06-01 15:02:53] [INFO] 等待 5 秒后重试...
[2026-06-01 15:02:58] [INFO] 
--- 迭代 32/100 ---
[2026-06-01 15:02:58] [INFO] 没有可处理的 Story（可能都在等待依赖）
[2026-06-01 15:02:58] [INFO] 等待 5 秒后重试...
[2026-06-01 15:03:03] [INFO] 
--- 迭代 33/100 ---
[2026-06-01 15:03:03] [INFO] 没有可处理的 Story（可能都在等待依赖）
[2026-06-01 15:03:03] [INFO] 等待 5 秒后重试...
[2026-06-01 15:03:08] [INFO] 
--- 迭代 34/100 ---
[2026-06-01 15:03:08] [INFO] 没有可处理的 Story（可能都在等待依赖）
[2026-06-01 15:03:08] [INFO] 等待 5 秒后重试...
[2026-06-01 15:03:13] [INFO] 
--- 迭代 35/100 ---
[2026-06-01 15:03:13] [INFO] 没有可处理的 Story（可能都在等待依赖）
[2026-06-01 15:03:13] [INFO] 等待 5 秒后重试...
[2026-06-01 15:03:18] [INFO] 
--- 迭代 36/100 ---
[2026-06-01 15:03:18] [INFO] 没有可处理的 Story（可能都在等待依赖）
[2026-06-01 15:03:18] [INFO] 等待 5 秒后重试...
[2026-06-01 15:03:23] [INFO] 
--- 迭代 37/100 ---
[2026-06-01 15:03:23] [INFO] 没有可处理的 Story（可能都在等待依赖）
[2026-06-01 15:03:23] [INFO] 等待 5 秒后重试...
[2026-06-01 15:03:28] [INFO] 
--- 迭代 38/100 ---
[2026-06-01 15:03:28] [INFO] 没有可处理的 Story（可能都在等待依赖）
[2026-06-01 15:03:28] [INFO] 等待 5 秒后重试...
[2026-06-01 15:03:33] [INFO] 
--- 迭代 39/100 ---
[2026-06-01 15:03:33] [INFO] 没有可处理的 Story（可能都在等待依赖）
[2026-06-01 15:03:33] [INFO] 等待 5 秒后重试...
[2026-06-01 15:03:38] [INFO] 
--- 迭代 40/100 ---
[2026-06-01 15:03:38] [INFO] 没有可处理的 Story（可能都在等待依赖）
[2026-06-01 15:03:38] [INFO] 等待 5 秒后重试...
[2026-06-01 15:03:43] [INFO] 
--- 迭代 41/100 ---
[2026-06-01 15:03:43] [INFO] 没有可处理的 Story（可能都在等待依赖）
[2026-06-01 15:03:43] [INFO] 等待 5 秒后重试...
[2026-06-01 15:03:48] [INFO] 
--- 迭代 42/100 ---
[2026-06-01 15:03:48] [INFO] 没有可处理的 Story（可能都在等待依赖）
[2026-06-01 15:03:48] [INFO] 等待 5 秒后重试...
[2026-06-01 15:03:53] [INFO] 
--- 迭代 43/100 ---
[2026-06-01 15:03:53] [INFO] 没有可处理的 Story（可能都在等待依赖）
[2026-06-01 15:03:53] [INFO] 等待 5 秒后重试...
[2026-06-01 15:03:58] [INFO] 
--- 迭代 44/100 ---
[2026-06-01 15:03:58] [INFO] 没有可处理的 Story（可能都在等待依赖）
[2026-06-01 15:03:58] [INFO] 等待 5 秒后重试...
[2026-06-01 15:04:03] [INFO] 
--- 迭代 45/100 ---
[2026-06-01 15:04:03] [INFO] 没有可处理的 Story（可能都在等待依赖）
[2026-06-01 15:04:03] [INFO] 等待 5 秒后重试...
[2026-06-01 15:04:08] [INFO] 
--- 迭代 46/100 ---
[2026-06-01 15:04:08] [INFO] 没有可处理的 Story（可能都在等待依赖）
[2026-06-01 15:04:08] [INFO] 等待 5 秒后重试...
[2026-06-01 15:04:13] [INFO] 
--- 迭代 47/100 ---
[2026-06-01 15:04:13] [INFO] 没有可处理的 Story（可能都在等待依赖）
[2026-06-01 15:04:13] [INFO] 等待 5 秒后重试...
[2026-06-01 15:04:18] [INFO] 
--- 迭代 48/100 ---
[2026-06-01 15:04:18] [INFO] 没有可处理的 Story（可能都在等待依赖）
[2026-06-01 15:04:18] [INFO] 等待 5 秒后重试...
[2026-06-01 15:04:23] [INFO] 
--- 迭代 49/100 ---
[2026-06-01 15:04:23] [INFO] 没有可处理的 Story（可能都在等待依赖）
[2026-06-01 15:04:23] [INFO] 等待 5 秒后重试...
[2026-06-01 15:04:28] [INFO] 
--- 迭代 50/100 ---
[2026-06-01 15:04:28] [INFO] 没有可处理的 Story（可能都在等待依赖）
[2026-06-01 15:04:28] [INFO] 等待 5 秒后重试...
[2026-06-01 15:04:33] [INFO] 
--- 迭代 51/100 ---
[2026-06-01 15:04:33] [INFO] 没有可处理的 Story（可能都在等待依赖）
[2026-06-01 15:04:33] [INFO] 等待 5 秒后重试...
[2026-06-01 15:04:38] [INFO] 
--- 迭代 52/100 ---
[2026-06-01 15:04:38] [INFO] 没有可处理的 Story（可能都在等待依赖）
[2026-06-01 15:04:38] [INFO] 等待 5 秒后重试...
[2026-06-01 15:04:43] [INFO] 
--- 迭代 53/100 ---
[2026-06-01 15:04:43] [INFO] 没有可处理的 Story（可能都在等待依赖）
[2026-06-01 15:04:43] [INFO] 等待 5 秒后重试...
[2026-06-01 15:04:48] [INFO] 
--- 迭代 54/100 ---
[2026-06-01 15:04:48] [INFO] 没有可处理的 Story（可能都在等待依赖）
[2026-06-01 15:04:48] [INFO] 等待 5 秒后重试...
[2026-06-01 15:04:53] [INFO] 
--- 迭代 55/100 ---
[2026-06-01 15:04:53] [INFO] 没有可处理的 Story（可能都在等待依赖）
[2026-06-01 15:04:53] [INFO] 等待 5 秒后重试...
[2026-06-01 15:04:58] [INFO] 
--- 迭代 56/100 ---
[2026-06-01 15:04:58] [INFO] 没有可处理的 Story（可能都在等待依赖）
[2026-06-01 15:04:58] [INFO] 等待 5 秒后重试...
[2026-06-01 15:05:03] [INFO] 
--- 迭代 57/100 ---
[2026-06-01 15:05:03] [INFO] 没有可处理的 Story（可能都在等待依赖）
[2026-06-01 15:05:03] [INFO] 等待 5 秒后重试...
[2026-06-01 15:05:08] [INFO] 
--- 迭代 58/100 ---
[2026-06-01 15:05:08] [INFO] 没有可处理的 Story（可能都在等待依赖）
[2026-06-01 15:05:08] [INFO] 等待 5 秒后重试...
[2026-06-01 15:05:13] [INFO] 
--- 迭代 59/100 ---
[2026-06-01 15:05:13] [INFO] 没有可处理的 Story（可能都在等待依赖）
[2026-06-01 15:05:13] [INFO] 等待 5 秒后重试...
[2026-06-01 15:05:18] [INFO] 
--- 迭代 60/100 ---
[2026-06-01 15:05:18] [INFO] 没有可处理的 Story（可能都在等待依赖）
[2026-06-01 15:05:18] [INFO] 等待 5 秒后重试...
[2026-06-01 15:05:23] [INFO] 
--- 迭代 61/100 ---
[2026-06-01 15:05:23] [INFO] 没有可处理的 Story（可能都在等待依赖）
[2026-06-01 15:05:23] [INFO] 等待 5 秒后重试...
[2026-06-01 15:05:28] [INFO] 
--- 迭代 62/100 ---
[2026-06-01 15:05:28] [INFO] 没有可处理的 Story（可能都在等待依赖）
[2026-06-01 15:05:28] [INFO] 等待 5 秒后重试...
[2026-06-01 15:05:33] [INFO] 
--- 迭代 63/100 ---
[2026-06-01 15:05:33] [INFO] 没有可处理的 Story（可能都在等待依赖）
[2026-06-01 15:05:33] [INFO] 等待 5 秒后重试...
[2026-06-01 15:05:38] [INFO] 
--- 迭代 64/100 ---
[2026-06-01 15:05:38] [INFO] 没有可处理的 Story（可能都在等待依赖）
[2026-06-01 15:05:38] [INFO] 等待 5 秒后重试...
[2026-06-01 15:05:43] [INFO] 
--- 迭代 65/100 ---
[2026-06-01 15:05:43] [INFO] 没有可处理的 Story（可能都在等待依赖）
[2026-06-01 15:05:43] [INFO] 等待 5 秒后重试...
[2026-06-01 15:05:48] [INFO] 
--- 迭代 66/100 ---
[2026-06-01 15:05:48] [INFO] 没有可处理的 Story（可能都在等待依赖）
[2026-06-01 15:05:48] [INFO] 等待 5 秒后重试...
[2026-06-01 15:05:54] [INFO] 
--- 迭代 67/100 ---
[2026-06-01 15:05:54] [INFO] 没有可处理的 Story（可能都在等待依赖）
[2026-06-01 15:05:54] [INFO] 等待 5 秒后重试...
[2026-06-01 15:05:59] [INFO] 
--- 迭代 68/100 ---
[2026-06-01 15:05:59] [INFO] 没有可处理的 Story（可能都在等待依赖）
[2026-06-01 15:05:59] [INFO] 等待 5 秒后重试...
[2026-06-01 15:06:04] [INFO] 
--- 迭代 69/100 ---
[2026-06-01 15:06:04] [INFO] 没有可处理的 Story（可能都在等待依赖）
[2026-06-01 15:06:04] [INFO] 等待 5 秒后重试...
[2026-06-01 15:06:09] [INFO] 
--- 迭代 70/100 ---
[2026-06-01 15:06:09] [INFO] 没有可处理的 Story（可能都在等待依赖）
[2026-06-01 15:06:09] [INFO] 等待 5 秒后重试...
[2026-06-01 15:06:14] [INFO] 
--- 迭代 71/100 ---
[2026-06-01 15:06:14] [INFO] 没有可处理的 Story（可能都在等待依赖）
[2026-06-01 15:06:14] [INFO] 等待 5 秒后重试...
[2026-06-01 15:06:19] [INFO] 
--- 迭代 72/100 ---
[2026-06-01 15:06:19] [INFO] 没有可处理的 Story（可能都在等待依赖）
[2026-06-01 15:06:19] [INFO] 等待 5 秒后重试...
[2026-06-01 15:06:24] [INFO] 
--- 迭代 73/100 ---
[2026-06-01 15:06:24] [INFO] 没有可处理的 Story（可能都在等待依赖）
[2026-06-01 15:06:24] [INFO] 等待 5 秒后重试...
[2026-06-01 15:06:29] [INFO] 
--- 迭代 74/100 ---
[2026-06-01 15:06:29] [INFO] 没有可处理的 Story（可能都在等待依赖）
[2026-06-01 15:06:29] [INFO] 等待 5 秒后重试...
[2026-06-01 15:06:34] [INFO] 
--- 迭代 75/100 ---
[2026-06-01 15:06:34] [INFO] 没有可处理的 Story（可能都在等待依赖）
[2026-06-01 15:06:34] [INFO] 等待 5 秒后重试...
[2026-06-01 15:06:39] [INFO] 
--- 迭代 76/100 ---
[2026-06-01 15:06:39] [INFO] 没有可处理的 Story（可能都在等待依赖）
[2026-06-01 15:06:39] [INFO] 等待 5 秒后重试...
[2026-06-01 15:06:44] [INFO] 
--- 迭代 77/100 ---
[2026-06-01 15:06:44] [INFO] 没有可处理的 Story（可能都在等待依赖）
[2026-06-01 15:06:44] [INFO] 等待 5 秒后重试...
[2026-06-01 15:06:49] [INFO] 
--- 迭代 78/100 ---
[2026-06-01 15:06:49] [INFO] 没有可处理的 Story（可能都在等待依赖）
[2026-06-01 15:06:49] [INFO] 等待 5 秒后重试...
[2026-06-01 15:06:54] [INFO] 
--- 迭代 79/100 ---
[2026-06-01 15:06:54] [INFO] 没有可处理的 Story（可能都在等待依赖）
[2026-06-01 15:06:54] [INFO] 等待 5 秒后重试...
[2026-06-01 15:06:59] [INFO] 
--- 迭代 80/100 ---
[2026-06-01 15:06:59] [INFO] 没有可处理的 Story（可能都在等待依赖）
[2026-06-01 15:06:59] [INFO] 等待 5 秒后重试...
[2026-06-01 15:07:04] [INFO] 
--- 迭代 81/100 ---
[2026-06-01 15:07:04] [INFO] 没有可处理的 Story（可能都在等待依赖）
[2026-06-01 15:07:04] [INFO] 等待 5 秒后重试...
[2026-06-01 15:07:09] [INFO] 
--- 迭代 82/100 ---
[2026-06-01 15:07:09] [INFO] 没有可处理的 Story（可能都在等待依赖）
[2026-06-01 15:07:09] [INFO] 等待 5 秒后重试...
[2026-06-01 15:07:14] [INFO] 
--- 迭代 83/100 ---
[2026-06-01 15:07:14] [INFO] 没有可处理的 Story（可能都在等待依赖）
[2026-06-01 15:07:14] [INFO] 等待 5 秒后重试...
[2026-06-01 15:07:19] [INFO] 
--- 迭代 84/100 ---
[2026-06-01 15:07:19] [INFO] 没有可处理的 Story（可能都在等待依赖）
[2026-06-01 15:07:19] [INFO] 等待 5 秒后重试...
[2026-06-01 15:07:24] [INFO] 
--- 迭代 85/100 ---
[2026-06-01 15:07:24] [INFO] 没有可处理的 Story（可能都在等待依赖）
[2026-06-01 15:07:24] [INFO] 等待 5 秒后重试...
[2026-06-01 15:07:29] [INFO] 
--- 迭代 86/100 ---
[2026-06-01 15:07:29] [INFO] 没有可处理的 Story（可能都在等待依赖）
[2026-06-01 15:07:29] [INFO] 等待 5 秒后重试...
[2026-06-01 15:07:34] [INFO] 
--- 迭代 87/100 ---
[2026-06-01 15:07:34] [INFO] 没有可处理的 Story（可能都在等待依赖）
[2026-06-01 15:07:34] [INFO] 等待 5 秒后重试...
[2026-06-01 15:07:39] [INFO] 
--- 迭代 88/100 ---
[2026-06-01 15:07:39] [INFO] 没有可处理的 Story（可能都在等待依赖）
[2026-06-01 15:07:39] [INFO] 等待 5 秒后重试...
[2026-06-01 15:07:44] [INFO] 
--- 迭代 89/100 ---
[2026-06-01 15:07:44] [INFO] 没有可处理的 Story（可能都在等待依赖）
[2026-06-01 15:07:44] [INFO] 等待 5 秒后重试...
[2026-06-01 15:07:49] [INFO] 
--- 迭代 90/100 ---
[2026-06-01 15:07:49] [INFO] 没有可处理的 Story（可能都在等待依赖）
[2026-06-01 15:07:49] [INFO] 等待 5 秒后重试...
[2026-06-01 15:07:54] [INFO] 
--- 迭代 91/100 ---
[2026-06-01 15:07:54] [INFO] 没有可处理的 Story（可能都在等待依赖）
[2026-06-01 15:07:54] [INFO] 等待 5 秒后重试...
[2026-06-01 15:07:59] [INFO] 
--- 迭代 92/100 ---
[2026-06-01 15:07:59] [INFO] 没有可处理的 Story（可能都在等待依赖）
[2026-06-01 15:07:59] [INFO] 等待 5 秒后重试...
[2026-06-01 15:08:04] [INFO] 
--- 迭代 93/100 ---
[2026-06-01 15:08:04] [INFO] 没有可处理的 Story（可能都在等待依赖）
[2026-06-01 15:08:04] [INFO] 等待 5 秒后重试...
[2026-06-01 15:08:09] [INFO] 
--- 迭代 94/100 ---
[2026-06-01 15:08:09] [INFO] 没有可处理的 Story（可能都在等待依赖）
[2026-06-01 15:08:09] [INFO] 等待 5 秒后重试...
[2026-06-01 15:08:14] [INFO] 
--- 迭代 95/100 ---
[2026-06-01 15:08:14] [INFO] 没有可处理的 Story（可能都在等待依赖）
[2026-06-01 15:08:14] [INFO] 等待 5 秒后重试...
[2026-06-01 15:08:19] [INFO] 
--- 迭代 96/100 ---
[2026-06-01 15:08:19] [INFO] 没有可处理的 Story（可能都在等待依赖）
[2026-06-01 15:08:19] [INFO] 等待 5 秒后重试...
[2026-06-01 15:08:24] [INFO] 
--- 迭代 97/100 ---
[2026-06-01 15:08:24] [INFO] 没有可处理的 Story（可能都在等待依赖）
[2026-06-01 15:08:24] [INFO] 等待 5 秒后重试...
[2026-06-01 15:08:29] [INFO] 
--- 迭代 98/100 ---
[2026-06-01 15:08:29] [INFO] 没有可处理的 Story（可能都在等待依赖）
[2026-06-01 15:08:29] [INFO] 等待 5 秒后重试...
[2026-06-01 15:08:34] [INFO] 
--- 迭代 99/100 ---
[2026-06-01 15:08:34] [INFO] 没有可处理的 Story（可能都在等待依赖）
[2026-06-01 15:08:34] [INFO] 等待 5 秒后重试...
[2026-06-01 15:08:39] [INFO] 
--- 迭代 100/100 ---
[2026-06-01 15:08:39] [INFO] 没有可处理的 Story（可能都在等待依赖）
[2026-06-01 15:08:39] [INFO] 等待 5 秒后重试...
[2026-06-01 15:08:44] [WARNING] 
达到最大迭代次数 (100)，退出
