[2026-06-02 17:04:00] [INFO] ============================================================
[2026-06-02 17:04:00] [INFO] Worker 启动
[2026-06-02 17:04:00] [INFO] 项目目录: /Volumes/DATA/GoWorkSpace/src/github.com/ai_auto_working_stiff
[2026-06-02 17:04:00] [INFO] 工件目录: /Volumes/DATA/GoWorkSpace/src/github.com/ai_auto_working_stiff/.ai-worker
[2026-06-02 17:04:00] [INFO] Stories 目录: /Volumes/DATA/GoWorkSpace/src/github.com/ai_auto_working_stiff/.ai-worker/stories
[2026-06-02 17:04:00] [INFO] 最大迭代次数: 100
[2026-06-02 17:04:00] [INFO] Agent 超时: 1800s
[2026-06-02 17:04:00] [INFO] ============================================================
[2026-06-02 17:04:00] [WARNING] UI 服务器启动失败: No module named 'new_code'
[2026-06-02 17:04:00] [INFO] 
--- 迭代 1/100 ---
[2026-06-02 17:04:00] [INFO] 没有可处理的 Story（可能都在等待依赖）
[2026-06-02 17:04:00] [INFO] 等待 5 秒后重试...
[2026-06-02 17:04:05] [INFO] 
--- 迭代 2/100 ---
[2026-06-02 17:04:05] [INFO] 没有可处理的 Story（可能都在等待依赖）
[2026-06-02 17:04:05] [INFO] 等待 5 秒后重试...
[2026-06-02 17:04:10] [INFO] 
--- 迭代 3/100 ---
[2026-06-02 17:04:10] [INFO] 没有可处理的 Story（可能都在等待依赖）
[2026-06-02 17:04:10] [INFO] 等待 5 秒后重试...
[2026-06-02 17:04:15] [INFO] 
--- 迭代 4/100 ---
[2026-06-02 17:04:15] [INFO] 没有可处理的 Story（可能都在等待依赖）
[2026-06-02 17:04:15] [INFO] 等待 5 秒后重试...
[2026-06-02 17:04:15] [WARNING] 收到中断信号，正在退出...
[2026-06-02 17:04:15] [WARNING] 收到中断信号，正在退出...
[2026-06-02 17:11:55] [INFO] ============================================================
[2026-06-02 17:11:55] [INFO] Worker 启动
[2026-06-02 17:11:55] [INFO] 项目目录: /Volumes/DATA/GoWorkSpace/src/github.com/ai_auto_working_stiff
[2026-06-02 17:11:55] [INFO] 工件目录: /Volumes/DATA/GoWorkSpace/src/github.com/ai_auto_working_stiff/.ai-worker
[2026-06-02 17:11:55] [INFO] Stories 目录: /Volumes/DATA/GoWorkSpace/src/github.com/ai_auto_working_stiff/.ai-worker/stories
[2026-06-02 17:11:55] [INFO] 最大迭代次数: 100
[2026-06-02 17:11:55] [INFO] Agent 超时: 1800s
[2026-06-02 17:11:55] [INFO] ============================================================
[2026-06-02 17:11:55] [INFO] UI 服务器启动: http://localhost:7332
[2026-06-02 17:11:55] [INFO] 
--- 迭代 1/100 ---
[2026-06-02 17:11:55] [INFO] 没有可处理的 Story（可能都在等待依赖）
[2026-06-02 17:11:55] [INFO] 等待 5 秒后重试...
[2026-06-02 17:12:00] [INFO] 
--- 迭代 2/100 ---
[2026-06-02 17:12:00] [INFO] 没有可处理的 Story（可能都在等待依赖）
[2026-06-02 17:12:00] [INFO] 等待 5 秒后重试...
[2026-06-02 17:12:05] [WARNING] 收到中断信号，正在退出...
[2026-06-02 17:12:06] [WARNING] 收到中断信号，正在退出...
